
> server@1.0.0 test
> cross-env NODE_ENV=test jest --runInBand --detectOpenHandles

  console.log
    [dotenv@17.3.1] injecting env (15) from .env.test -- tip: ΓÜÖ∩╕Å  load multiple .env files with { path: ['.env.local', '.env'] }

      at _log (node_modules/dotenv/lib/main.js:139:11)

  console.log
    [dotenv@17.3.1] injecting env (4) from .env -- tip: ΓÜÖ∩╕Å  enable debug logging with { debug: true }

      at _log (node_modules/dotenv/lib/main.js:139:11)

  console.log
    Test database schema globally initialized.

      at Object.log (tests/setup.js:33:17)

  console.error
    [2026-03-09T13:05:14.892Z] [ERROR] POST /api/auth/register ΓÇö column "email_verified" does not exist

    [0m [90m  7 |[39m     }[33m,[39m
     [90m  8 |[39m     error[33m:[39m ([33m...[39margs) [33m=>[39m {
    [31m[1m>[22m[39m[90m  9 |[39m         console[33m.[39merror([32m`[${new Date().toISOString()}] [ERROR]`[39m[33m,[39m [33m...[39margs)[33m;[39m
     [90m    |[39m                 [31m[1m^[22m[39m
     [90m 10 |[39m     }[33m,[39m
     [90m 11 |[39m     debug[33m:[39m ([33m...[39margs) [33m=>[39m {
     [90m 12 |[39m         [36mif[39m (process[33m.[39menv[33m.[39m[33mNODE_ENV[39m [33m===[39m [32m'development'[39m) {[0m

      at Object.error (utils/logger.js:9:17)
      at error (middleware/errorHandler.js:5:12)
      at Layer.handleError (node_modules/router/lib/layer.js:116:17)
      at trimPrefix (node_modules/router/index.js:340:13)
      at node_modules/router/index.js:297:9
      at processParams (node_modules/router/index.js:582:12)
      at next (node_modules/router/index.js:291:5)
      at Layer.handleError (node_modules/router/lib/layer.js:111:12)
      at trimPrefix (node_modules/router/index.js:340:13)
      at node_modules/router/index.js:297:9
      at processParams (node_modules/router/index.js:582:12)
      at next (node_modules/router/index.js:291:5)
      at node_modules/router/index.js:688:15
      at next (node_modules/router/index.js:276:14)
      at next (node_modules/router/lib/route.js:132:14)
      at next (controllers/authController.js:70:13)

[2026-03-09T13:05:14.912Z] POST /api/auth/register 500 470.345 ms | RequestID: bc843c09-38fe-46a7-ada2-e749721dbb14
[2026-03-09T13:05:15.017Z] DELETE /api/cart 401 1.677 ms | RequestID: 33feef38-1eab-421b-a982-07691ac3923c
[2026-03-09T13:05:15.039Z] POST /api/cart 401 0.923 ms | RequestID: 0a9e775c-8c0f-4225-9c3a-a6cb4acd9eb4
[2026-03-09T13:05:15.070Z] DELETE /api/cart 401 0.569 ms | RequestID: c9f98fb6-4446-42f4-83c6-866dfed42da5
[2026-03-09T13:05:15.086Z] POST /api/cart 401 0.514 ms | RequestID: 87432a5f-a316-46d0-9895-6a4dcac83ba6
[2026-03-09T13:05:15.106Z] DELETE /api/cart 401 0.685 ms | RequestID: 51272f33-f232-4b64-a851-8aad544ac290
[2026-03-09T13:05:15.128Z] POST /api/cart 401 0.480 ms | RequestID: 71734f3c-d632-43ef-bedf-83901c262721
[2026-03-09T13:05:15.145Z] DELETE /api/cart 401 0.398 ms | RequestID: 55175be9-fcaa-424f-9e26-52778e9b2ec0
[2026-03-09T13:05:15.168Z] PUT /api/cart/some-fake-id 401 0.830 ms | RequestID: 03c3fa3f-5f54-41e6-9fbf-79ba46419409
[2026-03-09T13:05:15.187Z] DELETE /api/cart 401 0.514 ms | RequestID: 68060018-4f89-4a07-97f2-24dae24b47b4
[2026-03-09T13:05:15.204Z] POST /api/cart 401 0.550 ms | RequestID: 5a199d9c-9a7b-4029-ad5e-c36d8ff468d2
  console.log
    [dotenv@17.3.1] injecting env (15) from .env.test -- tip: ≡ƒ¢á∩╕Å  run anywhere with `dotenvx run -- yourcommand`

      at _log (node_modules/dotenv/lib/main.js:139:11)

  console.log
    [dotenv@17.3.1] injecting env (4) from .env -- tip: ≡ƒöÉ prevent building .env in docker: https://dotenvx.com/prebuild

      at _log (node_modules/dotenv/lib/main.js:139:11)

  console.log
    Test database schema globally initialized.

      at Object.log (tests/setup.js:33:17)

  console.error
    [2026-03-09T13:05:16.633Z] [ERROR] POST /api/auth/register ΓÇö column "email_verified" does not exist

    [0m [90m  7 |[39m     }[33m,[39m
     [90m  8 |[39m     error[33m:[39m ([33m...[39margs) [33m=>[39m {
    [31m[1m>[22m[39m[90m  9 |[39m         console[33m.[39merror([32m`[${new Date().toISOString()}] [ERROR]`[39m[33m,[39m [33m...[39margs)[33m;[39m
     [90m    |[39m                 [31m[1m^[22m[39m
     [90m 10 |[39m     }[33m,[39m
     [90m 11 |[39m     debug[33m:[39m ([33m...[39margs) [33m=>[39m {
     [90m 12 |[39m         [36mif[39m (process[33m.[39menv[33m.[39m[33mNODE_ENV[39m [33m===[39m [32m'development'[39m) {[0m

      at Object.error (utils/logger.js:9:17)
      at error (middleware/errorHandler.js:5:12)
      at Layer.handleError (node_modules/router/lib/layer.js:116:17)
      at trimPrefix (node_modules/router/index.js:340:13)
      at node_modules/router/index.js:297:9
      at processParams (node_modules/router/index.js:582:12)
      at next (node_modules/router/index.js:291:5)
      at Layer.handleError (node_modules/router/lib/layer.js:111:12)
      at trimPrefix (node_modules/router/index.js:340:13)
      at node_modules/router/index.js:297:9
      at processParams (node_modules/router/index.js:582:12)
      at next (node_modules/router/index.js:291:5)
      at node_modules/router/index.js:688:15
      at next (node_modules/router/index.js:276:14)
      at next (node_modules/router/lib/route.js:132:14)
      at next (controllers/authController.js:70:13)

[2026-03-09T13:05:16.749Z] POST /api/auth/register 500 458.482 ms | RequestID: bb6071ea-8ec5-4912-93a7-05f75c6d8f80
  console.error
    [2026-03-09T13:05:17.163Z] [ERROR] POST /api/auth/register ΓÇö column "email_verified" does not exist

    [0m [90m  7 |[39m     }[33m,[39m
     [90m  8 |[39m     error[33m:[39m ([33m...[39margs) [33m=>[39m {
    [31m[1m>[22m[39m[90m  9 |[39m         console[33m.[39merror([32m`[${new Date().toISOString()}] [ERROR]`[39m[33m,[39m [33m...[39margs)[33m;[39m
     [90m    |[39m                 [31m[1m^[22m[39m
     [90m 10 |[39m     }[33m,[39m
     [90m 11 |[39m     debug[33m:[39m ([33m...[39margs) [33m=>[39m {
     [90m 12 |[39m         [36mif[39m (process[33m.[39menv[33m.[39m[33mNODE_ENV[39m [33m===[39m [32m'development'[39m) {[0m

      at Object.error (utils/logger.js:9:17)
      at error (middleware/errorHandler.js:5:12)
      at Layer.handleError (node_modules/router/lib/layer.js:116:17)
      at trimPrefix (node_modules/router/index.js:340:13)
      at node_modules/router/index.js:297:9
      at processParams (node_modules/router/index.js:582:12)
      at next (node_modules/router/index.js:291:5)
      at Layer.handleError (node_modules/router/lib/layer.js:111:12)
      at trimPrefix (node_modules/router/index.js:340:13)
      at node_modules/router/index.js:297:9
      at processParams (node_modules/router/index.js:582:12)
      at next (node_modules/router/index.js:291:5)
      at node_modules/router/index.js:688:15
      at next (node_modules/router/index.js:276:14)
      at next (node_modules/router/lib/route.js:132:14)
      at next (controllers/authController.js:70:13)

[2026-03-09T13:05:17.172Z] POST /api/auth/register 500 393.866 ms | RequestID: 35711329-0c06-4877-9be7-3e597f8f757c
[2026-03-09T13:05:17.197Z] POST /api/auth/register 400 2.864 ms | RequestID: 6658ebf3-2f76-4e14-8c4c-21572a1ff700
[2026-03-09T13:05:17.272Z] POST /api/auth/login 401 58.945 ms | RequestID: e0082927-2f2b-4584-bd3b-baaa3f4fc5b0
[2026-03-09T13:05:17.299Z] POST /api/auth/login 401 4.378 ms | RequestID: ddc670c9-29ee-40ba-adb7-58484e53a8aa
  console.log
    [dotenv@17.3.1] injecting env (15) from .env.test -- tip: ≡ƒöÉ prevent committing .env to code: https://dotenvx.com/precommit

      at _log (node_modules/dotenv/lib/main.js:139:11)

  console.log
    [dotenv@17.3.1] injecting env (4) from .env -- tip: ΓÜÖ∩╕Å  override existing env vars with { override: true }

      at _log (node_modules/dotenv/lib/main.js:139:11)

  console.log
    Test database schema globally initialized.

      at Object.log (tests/setup.js:33:17)

  console.error
    [2026-03-09T13:05:18.719Z] [ERROR] POST /api/auth/register ΓÇö column "email_verified" does not exist

    [0m [90m  7 |[39m     }[33m,[39m
     [90m  8 |[39m     error[33m:[39m ([33m...[39margs) [33m=>[39m {
    [31m[1m>[22m[39m[90m  9 |[39m         console[33m.[39merror([32m`[${new Date().toISOString()}] [ERROR]`[39m[33m,[39m [33m...[39margs)[33m;[39m
     [90m    |[39m                 [31m[1m^[22m[39m
     [90m 10 |[39m     }[33m,[39m
     [90m 11 |[39m     debug[33m:[39m ([33m...[39margs) [33m=>[39m {
     [90m 12 |[39m         [36mif[39m (process[33m.[39menv[33m.[39m[33mNODE_ENV[39m [33m===[39m [32m'development'[39m) {[0m

      at Object.error (utils/logger.js:9:17)
      at error (middleware/errorHandler.js:5:12)
      at Layer.handleError (node_modules/router/lib/layer.js:116:17)
      at trimPrefix (node_modules/router/index.js:340:13)
      at node_modules/router/index.js:297:9
      at processParams (node_modules/router/index.js:582:12)
      at next (node_modules/router/index.js:291:5)
      at Layer.handleError (node_modules/router/lib/layer.js:111:12)
      at trimPrefix (node_modules/router/index.js:340:13)
      at node_modules/router/index.js:297:9
      at processParams (node_modules/router/index.js:582:12)
      at next (node_modules/router/index.js:291:5)
      at node_modules/router/index.js:688:15
      at next (node_modules/router/index.js:276:14)
      at next (node_modules/router/lib/route.js:132:14)
      at next (controllers/authController.js:70:13)

[2026-03-09T13:05:18.727Z] POST /api/auth/register 500 354.579 ms | RequestID: f78a71ff-fb50-496c-bb97-9e135ce57af5
[2026-03-09T13:05:18.740Z] GET /api/auth/me 401 0.605 ms | RequestID: 495a6392-a989-41e1-a71a-6840cdf1b821
  console.log
    [dotenv@17.3.1] injecting env (15) from .env.test -- tip: ≡ƒ¢á∩╕Å  run anywhere with `dotenvx run -- yourcommand`

      at _log (node_modules/dotenv/lib/main.js:139:11)

  console.log
    [dotenv@17.3.1] injecting env (4) from .env -- tip: ΓÜÖ∩╕Å  suppress all logs with { quiet: true }

      at _log (node_modules/dotenv/lib/main.js:139:11)

  console.log
    Test database schema globally initialized.

      at Object.log (tests/setup.js:33:17)

  console.error
    [2026-03-09T13:05:19.950Z] [ERROR] POST /api/auth/register ΓÇö column "email_verified" does not exist

    [0m [90m  7 |[39m     }[33m,[39m
     [90m  8 |[39m     error[33m:[39m ([33m...[39margs) [33m=>[39m {
    [31m[1m>[22m[39m[90m  9 |[39m         console[33m.[39merror([32m`[${new Date().toISOString()}] [ERROR]`[39m[33m,[39m [33m...[39margs)[33m;[39m
     [90m    |[39m                 [31m[1m^[22m[39m
     [90m 10 |[39m     }[33m,[39m
     [90m 11 |[39m     debug[33m:[39m ([33m...[39margs) [33m=>[39m {
     [90m 12 |[39m         [36mif[39m (process[33m.[39menv[33m.[39m[33mNODE_ENV[39m [33m===[39m [32m'development'[39m) {[0m

      at Object.error (utils/logger.js:9:17)
      at error (middleware/errorHandler.js:5:12)
      at Layer.handleError (node_modules/router/lib/layer.js:116:17)
      at trimPrefix (node_modules/router/index.js:340:13)
      at node_modules/router/index.js:297:9
      at processParams (node_modules/router/index.js:582:12)
      at next (node_modules/router/index.js:291:5)
      at Layer.handleError (node_modules/router/lib/layer.js:111:12)
      at trimPrefix (node_modules/router/index.js:340:13)
      at node_modules/router/index.js:297:9
      at processParams (node_modules/router/index.js:582:12)
      at next (node_modules/router/index.js:291:5)
      at node_modules/router/index.js:688:15
      at next (node_modules/router/index.js:276:14)
      at next (node_modules/router/lib/route.js:132:14)
      at next (controllers/authController.js:70:13)

[2026-03-09T13:05:19.956Z] POST /api/auth/register 500 349.756 ms | RequestID: 2fd3d6d7-1743-4b22-b6b4-cc5461a98e1a
[2026-03-09T13:05:19.976Z] GET /api/cart 401 0.533 ms | RequestID: 39c4eb1d-4f76-4bd3-8086-3b7bf576a8b3
[2026-03-09T13:05:19.992Z] GET /api/cart 401 0.515 ms | RequestID: d9506806-8e19-499d-95f7-425c3936f8fc
  console.log
    [dotenv@17.3.1] injecting env (15) from .env.test -- tip: ≡ƒ¢í∩╕Å auth for agents: https://vestauth.com

      at _log (node_modules/dotenv/lib/main.js:139:11)

  console.log
    [dotenv@17.3.1] injecting env (4) from .env -- tip: ≡ƒ¢í∩╕Å auth for agents: https://vestauth.com

      at _log (node_modules/dotenv/lib/main.js:139:11)

  console.log
    Test database schema globally initialized.

      at Object.log (tests/setup.js:33:17)

  console.error
    [2026-03-09T13:05:20.867Z] [ERROR] POST /api/auth/login ΓÇö Expected ',' or '}' after property value in JSON at position 24 (line 1 column 25)

    [0m [90m  7 |[39m     }[33m,[39m
     [90m  8 |[39m     error[33m:[39m ([33m...[39margs) [33m=>[39m {
    [31m[1m>[22m[39m[90m  9 |[39m         console[33m.[39merror([32m`[${new Date().toISOString()}] [ERROR]`[39m[33m,[39m [33m...[39margs)[33m;[39m
     [90m    |[39m                 [31m[1m^[22m[39m
     [90m 10 |[39m     }[33m,[39m
     [90m 11 |[39m     debug[33m:[39m ([33m...[39margs) [33m=>[39m {
     [90m 12 |[39m         [36mif[39m (process[33m.[39menv[33m.[39m[33mNODE_ENV[39m [33m===[39m [32m'development'[39m) {[0m

      at Object.error (utils/logger.js:9:17)
      at error (middleware/errorHandler.js:5:12)
      at Layer.handleError (node_modules/router/lib/layer.js:116:17)
      at trimPrefix (node_modules/router/index.js:340:13)
      at node_modules/router/index.js:297:9
      at processParams (node_modules/router/index.js:582:12)
      at next (node_modules/router/index.js:291:5)
      at Layer.handleError (node_modules/router/lib/layer.js:111:12)
      at trimPrefix (node_modules/router/index.js:340:13)
      at node_modules/router/index.js:297:9
      at processParams (node_modules/router/index.js:582:12)
      at next (node_modules/router/index.js:291:5)
      at Layer.handleError (node_modules/router/lib/layer.js:111:12)
      at trimPrefix (node_modules/router/index.js:340:13)
      at node_modules/router/index.js:297:9
      at processParams (node_modules/router/index.js:582:12)
      at next (node_modules/router/index.js:291:5)
      at Layer.handleError (node_modules/router/lib/layer.js:111:12)
      at trimPrefix (node_modules/router/index.js:340:13)
      at node_modules/router/index.js:297:9
      at processParams (node_modules/router/index.js:582:12)
      at next (node_modules/router/index.js:291:5)
      at Layer.handleError (node_modules/router/lib/layer.js:111:12)
      at trimPrefix (node_modules/router/index.js:340:13)
      at node_modules/router/index.js:297:9
      at processParams (node_modules/router/index.js:582:12)
      at next (node_modules/router/index.js:291:5)
      at Layer.handleError (node_modules/router/lib/layer.js:111:12)
      at trimPrefix (node_modules/router/index.js:340:13)
      at node_modules/router/index.js:297:9
      at processParams (node_modules/router/index.js:582:12)
      at next (node_modules/router/index.js:291:5)
      at Layer.handleError (node_modules/router/lib/layer.js:111:12)
      at trimPrefix (node_modules/router/index.js:340:13)
      at node_modules/router/index.js:297:9
      at processParams (node_modules/router/index.js:582:12)
      at next (node_modules/router/index.js:291:5)
      at Layer.handleError (node_modules/router/lib/layer.js:111:12)
      at trimPrefix (node_modules/router/index.js:340:13)
      at node_modules/router/index.js:297:9
      at processParams (node_modules/router/index.js:582:12)
      at next (node_modules/router/index.js:291:5)
      at Layer.handleError (node_modules/router/lib/layer.js:111:12)
      at trimPrefix (node_modules/router/index.js:340:13)
      at node_modules/router/index.js:297:9
      at processParams (node_modules/router/index.js:582:12)
      at next (node_modules/router/index.js:291:5)
      at Layer.handleError (node_modules/router/lib/layer.js:111:12)
      at trimPrefix (node_modules/router/index.js:340:13)
      at node_modules/router/index.js:297:9
      at processParams (node_modules/router/index.js:582:12)
      at next (node_modules/router/index.js:291:5)
      at Layer.handleError (node_modules/router/lib/layer.js:111:12)
      at trimPrefix (node_modules/router/index.js:340:13)
      at node_modules/router/index.js:297:9
      at processParams (node_modules/router/index.js:582:12)
      at next (node_modules/router/index.js:291:5)
      at node_modules/body-parser/lib/read.js:164:7
      at invokeCallback (node_modules/raw-body/index.js:238:16)
      at done (node_modules/raw-body/index.js:227:7)
      at IncomingMessage.onEnd (node_modules/raw-body/index.js:287:7)

[2026-03-09T13:05:20.903Z] GET /api/cart 401 1.164 ms | RequestID: 9a5d4bb4-a202-4002-8a83-aa5df677d02c
[2026-03-09T13:05:20.940Z] POST /api/auth/login 400 1.693 ms | RequestID: c75940aa-a358-4581-9729-706c06621beb
[2026-03-09T13:05:21.145Z] POST /api/auth/login 429 0.579 ms | RequestID: b8320e6a-f073-436d-9080-ce6a5bf4dee1
[2026-03-09T13:05:21.150Z] POST /api/auth/login 429 0.413 ms | RequestID: 2801ca7e-5a38-4216-841f-96312c861f27
[2026-03-09T13:05:21.153Z] POST /api/auth/login 401 36.625 ms | RequestID: cd1f9dd2-b6c0-4fc1-a1dc-b7d8a08fa987
[2026-03-09T13:05:21.334Z] POST /api/auth/login 401 212.156 ms | RequestID: c07f6cb4-2c62-4df2-b770-fcc4ca796233
[2026-03-09T13:05:21.337Z] POST /api/auth/login 401 206.144 ms | RequestID: 06a77837-e27c-4ef7-ab77-56e83cf46c6f
[2026-03-09T13:05:21.340Z] POST /api/auth/login 401 202.264 ms | RequestID: 00ec820c-31fe-4ee7-94c4-abf37ac6694e
  console.log
    [dotenv@17.3.1] injecting env (15) from .env.test -- tip: ΓÜÖ∩╕Å  suppress all logs with { quiet: true }

      at _log (node_modules/dotenv/lib/main.js:139:11)

  console.log
    [dotenv@17.3.1] injecting env (4) from .env -- tip: ≡ƒ¢á∩╕Å  run anywhere with `dotenvx run -- yourcommand`

      at _log (node_modules/dotenv/lib/main.js:139:11)

  console.log
    Test database schema globally initialized.

      at Object.log (tests/setup.js:33:17)

[2026-03-09T13:05:22.302Z] POST /api/configurator/calculate-price 200 15.469 ms | RequestID: 8cd31788-2b17-4078-9cb6-1efa9c8b268c
[2026-03-09T13:05:22.323Z] POST /api/configurator/calculate-price 200 3.433 ms | RequestID: 99007078-10a7-4fdc-ae20-4ba575df88c7
[2026-03-09T13:05:22.339Z] POST /api/configurator/calculate-price 400 0.582 ms | RequestID: 5c0d1768-dedc-4fcf-9cc1-2475aade2bcf
  console.log
    [dotenv@17.3.1] injecting env (15) from .env.test -- tip: ΓÜÖ∩╕Å  enable debug logging with { debug: true }

      at _log (node_modules/dotenv/lib/main.js:139:11)

  console.log
    [dotenv@17.3.1] injecting env (4) from .env -- tip: ≡ƒ¢í∩╕Å auth for agents: https://vestauth.com

      at _log (node_modules/dotenv/lib/main.js:139:11)

  console.log
    Test database schema globally initialized.

      at Object.log (tests/setup.js:33:17)

[2026-03-09T13:05:23.171Z] GET /api/products 200 17.002 ms | RequestID: 4e2a9995-2e2b-4797-aa17-2096de2b1f24
[2026-03-09T13:05:23.193Z] GET /api/products?page=1&limit=2 200 5.811 ms | RequestID: 6e850874-cfdb-45fe-aa05-0e26732c99a5
[2026-03-09T13:05:23.215Z] GET /api/products/invalid-id-format 404 4.157 ms | RequestID: bc8849c9-ff25-4a86-a337-58b6b1b5a63a
[2026-03-09T13:05:23.232Z] GET /api/products/00000000-0000-0000-0000-000000000000 404 3.055 ms | RequestID: b46f99d7-f409-4811-87c8-7a3094abba82
  console.log
    [dotenv@17.3.1] injecting env (15) from .env.test -- tip: ≡ƒöÉ encrypt with Dotenvx: https://dotenvx.com

      at _log (node_modules/dotenv/lib/main.js:139:11)

  console.log
    [dotenv@17.3.1] injecting env (4) from .env -- tip: ΓÜÖ∩╕Å  load multiple .env files with { path: ['.env.local', '.env'] }

      at _log (node_modules/dotenv/lib/main.js:139:11)

  console.log
    Test database schema globally initialized.

      at Object.log (tests/setup.js:33:17)

[2026-03-09T13:05:23.940Z] GET /health 200 0.596 ms | RequestID: 481edbbf-9822-49aa-8324-aa02314d04ec
